[Wed 05/13/2026 16:10:30.26] Starting mail dispatch 
PHP Warning:  session_start(): open(C:\xampp\tmp\sess_utqombtcmvmghto693uk4sic5g, O_RDWR) failed: Permission denied (13) in C:\xampp\htdocs\CFO\db.php on line 4

Warning: session_start(): open(C:\xampp\tmp\sess_utqombtcmvmghto693uk4sic5g, O_RDWR) failed: Permission denied (13) in C:\xampp\htdocs\CFO\db.php on line 4
PHP Warning:  session_start(): Failed to read session data: files (path: C:\xampp\tmp) in C:\xampp\htdocs\CFO\db.php on line 4

Warning: session_start(): Failed to read session data: files (path: C:\xampp\tmp) in C:\xampp\htdocs\CFO\db.php on line 4
PHP Warning:  oci_connect(): ORA-12638: Failed to retrieve credentials for NTS [Unknown error]
Help: https://docs.oracle.com/error-help/db/ora-12638/ in C:\xampp\htdocs\CFO\db.php on line 23

Warning: oci_connect(): ORA-12638: Failed to retrieve credentials for NTS [Unknown error]
Help: https://docs.oracle.com/error-help/db/ora-12638/ in C:\xampp\htdocs\CFO\db.php on line 23
[DB CONNECT] ORA-12638: Failed to retrieve credentials for NTS [Unknown error]
Help: https://docs.oracle.com/error-help/db/ora-12638/
Database is currently unavailable. Please try again shortly.[Wed 05/13/2026 16:10:30.65] Finished mail dispatch 
 
[Wed 05/13/2026 16:11:02.34] Starting mail dispatch 
Processed: 0
Sent: 0
Failed: 0
[Wed 05/13/2026 16:11:02.62] Finished mail dispatch 
 
[Wed 05/13/2026 16:11:40.15] Starting mail dispatch 
Processed: 0
Sent: 0
Failed: 0

[Wed 05/13/2026 16:11:47.79] Finished mail dispatch 
 
[Wed 05/13/2026 16:12:02.24] Starting mail dispatch 
Processed: 0
Sent: 0
Failed: 0

[Wed 05/13/2026 16:12:08.68] Finished mail dispatch 
 
[Wed 05/13/2026 16:13:02.10] Starting mail dispatch 
Processed: 0
Sent: 0
Failed: 0

[Wed 05/13/2026 16:13:07.29] Finished mail dispatch 
 
[Wed 05/13/2026 16:14:02.16] Starting mail dispatch 
Processed: 0
Sent: 0
Failed: 0

[Wed 05/13/2026 16:14:07.71] Finished mail dispatch 
 
[Wed 05/13/2026 16:15:02.14] Starting mail dispatch 
Processed: 0
Sent: 0
Failed: 0

[Wed 05/13/2026 16:15:07.65] Finished mail dispatch 
 
[Wed 05/13/2026 16:16:02.14] Starting mail dispatch 
Processed: 0
Sent: 0
Failed: 0

[Wed 05/13/2026 16:16:07.27] Finished mail dispatch 
 
[Wed 05/13/2026 16:17:02.12] Starting mail dispatch 
Processed: 0
Sent: 0
Failed: 0

[Wed 05/13/2026 16:17:08.28] Finished mail dispatch 
 
[Wed 05/13/2026 16:18:02.15] Starting mail dispatch 
Processed: 0
Sent: 0
Failed: 0

[Wed 05/13/2026 16:18:07.31] Finished mail dispatch 
 
[Wed 05/13/2026 16:19:02.22] Starting mail dispatch 
Processed: 0
Sent: 0
Failed: 0

[Wed 05/13/2026 16:19:08.87] Finished mail dispatch 
 
[Wed 05/13/2026 16:20:09.64] Starting mail dispatch 
Processed: 0
Sent: 0
Failed: 0

[Wed 05/13/2026 16:20:16.61] Finished mail dispatch 
 
[Wed 05/13/2026 16:21:03.62] Starting mail dispatch 
Processed: 0
Sent: 0
Failed: 0

[Wed 05/13/2026 16:21:09.55] Finished mail dispatch 
 
[Wed 05/13/2026 16:22:03.64] Starting mail dispatch 
Processed: 0
Sent: 0
Failed: 0

[Wed 05/13/2026 16:22:10.16] Finished mail dispatch 
 
[Wed 05/13/2026 16:23:04.09] Starting mail dispatch 
Processed: 0
Sent: 0
Failed: 0

[Wed 05/13/2026 16:23:14.28] Finished mail dispatch 
 
[Wed 05/13/2026 16:24:03.68] Starting mail dispatch 
Processed: 0
Sent: 0
Failed: 0

[Wed 05/13/2026 16:24:11.44] Finished mail dispatch 
 
[Wed 05/13/2026 16:25:04.01] Starting mail dispatch 
Processed: 0
Sent: 0
Failed: 0

[Wed 05/13/2026 16:25:10.50] Finished mail dispatch 
 
[Wed 05/13/2026 16:26:04.66] Starting mail dispatch 
Processed: 0
Sent: 0
Failed: 0

[Wed 05/13/2026 16:26:10.84] Finished mail dispatch 
 
[Wed 05/13/2026 16:27:03.62] Starting mail dispatch 
Processed: 0
Sent: 0
Failed: 0

[Wed 05/13/2026 16:27:09.63] Finished mail dispatch 
 
[Wed 05/13/2026 16:28:03.61] Starting mail dispatch 
Processed: 0
Sent: 0
Failed: 0

[Wed 05/13/2026 16:28:12.47] Finished mail dispatch 
 
[Wed 05/13/2026 16:29:04.78] Starting mail dispatch 
Processed: 0
Sent: 0
Failed: 0

[Wed 05/13/2026 16:29:10.69] Finished mail dispatch 
 
[Wed 05/13/2026 16:30:04.49] Starting mail dispatch 
Processed: 0
Sent: 0
Failed: 0

[Wed 05/13/2026 16:30:13.70] Finished mail dispatch 
 
[Wed 05/13/2026 16:31:03.69] Starting mail dispatch 
Processed: 0
Sent: 0
Failed: 0

[Wed 05/13/2026 16:31:10.36] Finished mail dispatch 
 
[Wed 05/13/2026 16:32:04.39] Starting mail dispatch 
Processed: 0
Sent: 0
Failed: 0

[Wed 05/13/2026 16:32:10.80] Finished mail dispatch 
 
[Wed 05/13/2026 16:33:03.69] Starting mail dispatch 
Processed: 0
Sent: 0
Failed: 0

[Wed 05/13/2026 16:33:10.17] Finished mail dispatch 
 
[Wed 05/13/2026 16:34:03.72] Starting mail dispatch 
Processed: 0
Sent: 0
Failed: 0

[Wed 05/13/2026 16:34:10.06] Finished mail dispatch 
 
[Wed 05/13/2026 16:35:03.72] Starting mail dispatch 
Processed: 0
Sent: 0
Failed: 0

[Wed 05/13/2026 16:35:10.18] Finished mail dispatch 
 
[Wed 05/13/2026 16:36:03.84] Starting mail dispatch 
Processed: 0
Sent: 0
Failed: 0

[Wed 05/13/2026 16:36:10.25] Finished mail dispatch 
 
[Wed 05/13/2026 16:37:04.60] Starting mail dispatch 
Processed: 0
Sent: 0
Failed: 0

[Wed 05/13/2026 16:37:11.19] Finished mail dispatch 
 
[Wed 05/13/2026 16:38:04.77] Starting mail dispatch 
Processed: 0
Sent: 0
Failed: 0

[Wed 05/13/2026 16:38:10.74] Finished mail dispatch 
 
[Wed 05/13/2026 16:39:03.79] Starting mail dispatch 
Processed: 0
Sent: 0
Failed: 0

[Wed 05/13/2026 16:39:09.58] Finished mail dispatch 
 
[Wed 05/13/2026 16:40:04.76] Starting mail dispatch 
Processed: 0
Sent: 0
Failed: 0

[Wed 05/13/2026 16:40:10.83] Finished mail dispatch 
 
[Wed 05/13/2026 16:41:03.78] Starting mail dispatch 
Processed: 0
Sent: 0
Failed: 0

[Wed 05/13/2026 16:41:09.84] Finished mail dispatch 
 
[Wed 05/13/2026 16:42:03.79] Starting mail dispatch 
Processed: 0
Sent: 0
Failed: 0

[Wed 05/13/2026 16:42:09.77] Finished mail dispatch 
 
[Wed 05/13/2026 16:43:03.71] Starting mail dispatch 
Processed: 0
Sent: 0
Failed: 0

[Wed 05/13/2026 16:43:09.56] Finished mail dispatch 
 
[Wed 05/13/2026 16:44:05.75] Starting mail dispatch 
Processed: 0
Sent: 0
Failed: 0

[Wed 05/13/2026 16:44:12.33] Finished mail dispatch 
 
[Wed 05/13/2026 16:45:03.84] Starting mail dispatch 
Processed: 0
Sent: 0
Failed: 0

[Wed 05/13/2026 16:45:08.96] Finished mail dispatch 
 
[Wed 05/13/2026 16:46:05.20] Starting mail dispatch 
Processed: 0
Sent: 0
Failed: 0

[Wed 05/13/2026 16:46:11.26] Finished mail dispatch 
 
[Wed 05/13/2026 16:47:03.48] Starting mail dispatch 
Processed: 0
Sent: 0
Failed: 0

[Wed 05/13/2026 16:47:08.90] Finished mail dispatch 
 
[Wed 05/13/2026 16:48:03.70] Starting mail dispatch 
Processed: 0
Sent: 0
Failed: 0

[Wed 05/13/2026 16:48:11.18] Finished mail dispatch 
 
[Wed 05/13/2026 16:49:06.91] Starting mail dispatch 
Processed: 0
Sent: 0
Failed: 0

[Wed 05/13/2026 16:49:13.91] Finished mail dispatch 
 
[Wed 05/13/2026 16:50:03.81] Starting mail dispatch 
Processed: 1
Sent: 1
Failed: 0

[Wed 05/13/2026 16:50:14.59] Finished mail dispatch 
 
[Wed 05/13/2026 16:51:03.49] Starting mail dispatch 
Processed: 0
Sent: 0
Failed: 0

[Wed 05/13/2026 16:51:09.56] Finished mail dispatch 
 
[Wed 05/13/2026 16:52:02.62] Starting mail dispatch 
Processed: 0
Sent: 0
Failed: 0

[Wed 05/13/2026 16:52:10.44] Finished mail dispatch 
 
[Wed 05/13/2026 16:53:03.95] Starting mail dispatch 
Processed: 0
Sent: 0
Failed: 0

[Wed 05/13/2026 16:53:15.56] Finished mail dispatch 
 
[Wed 05/13/2026 16:54:02.58] Starting mail dispatch 
Processed: 0
Sent: 0
Failed: 0

[Wed 05/13/2026 16:54:08.94] Finished mail dispatch 
 
[Wed 05/13/2026 16:55:02.63] Starting mail dispatch 
Processed: 0
Sent: 0
Failed: 0

[Wed 05/13/2026 16:55:09.81] Finished mail dispatch 
 
[Wed 05/13/2026 16:56:02.51] Starting mail dispatch 
Processed: 0
Sent: 0
Failed: 0

[Wed 05/13/2026 16:56:08.89] Finished mail dispatch 
 
[Wed 05/13/2026 16:57:02.79] Starting mail dispatch 
Processed: 0
Sent: 0
Failed: 0

[Wed 05/13/2026 16:57:11.81] Finished mail dispatch 
 
[Wed 05/13/2026 16:58:02.66] Starting mail dispatch 
Processed: 0
Sent: 0
Failed: 0

[Wed 05/13/2026 16:58:16.24] Finished mail dispatch 
 
[Wed 05/13/2026 16:59:03.62] Starting mail dispatch 
Processed: 0
Sent: 0
Failed: 0

[Wed 05/13/2026 16:59:10.00] Finished mail dispatch 
 
[Wed 05/13/2026 17:00:02.60] Starting mail dispatch 
Processed: 0
Sent: 0
Failed: 0

[Wed 05/13/2026 17:00:08.79] Finished mail dispatch 
 
[Wed 05/13/2026 17:01:02.53] Starting mail dispatch 
Processed: 0
Sent: 0
Failed: 0

[Wed 05/13/2026 17:01:08.43] Finished mail dispatch 
 
[Wed 05/13/2026 17:02:03.15] Starting mail dispatch 
Processed: 0
Sent: 0
Failed: 0

[Wed 05/13/2026 17:02:13.90] Finished mail dispatch 
 
[Wed 05/13/2026 17:03:02.96] Starting mail dispatch 
Processed: 0
Sent: 0
Failed: 0

[Wed 05/13/2026 17:03:11.68] Finished mail dispatch 
 
[Wed 05/13/2026 17:04:02.63] Starting mail dispatch 
Processed: 0
Sent: 0
Failed: 0

[Wed 05/13/2026 17:04:11.05] Finished mail dispatch 
 
[Wed 05/13/2026 17:05:02.67] Starting mail dispatch 
Processed: 0
Sent: 0
Failed: 0

[Wed 05/13/2026 17:05:10.44] Finished mail dispatch 
 
[Wed 05/13/2026 17:06:03.09] Starting mail dispatch 
Processed: 0
Sent: 0
Failed: 0

[Wed 05/13/2026 17:06:15.70] Finished mail dispatch 
 
[Wed 05/13/2026 17:07:03.74] Starting mail dispatch 
Processed: 0
Sent: 0
Failed: 0

[Wed 05/13/2026 17:07:10.84] Finished mail dispatch 
 
[Wed 05/13/2026 17:08:02.86] Starting mail dispatch 
Processed: 0
Sent: 0
Failed: 0

[Wed 05/13/2026 17:08:12.47] Finished mail dispatch 
 
[Wed 05/13/2026 17:09:03.72] Starting mail dispatch 
Processed: 0
Sent: 0
Failed: 0

[Wed 05/13/2026 17:09:09.65] Finished mail dispatch 
 
[Wed 05/13/2026 17:10:03.26] Starting mail dispatch 
Processed: 0
Sent: 0
Failed: 0

[Wed 05/13/2026 17:10:11.62] Finished mail dispatch 
 
[Wed 05/13/2026 17:11:04.51] Starting mail dispatch 
Processed: 0
Sent: 0
Failed: 0

[Wed 05/13/2026 17:11:13.60] Finished mail dispatch 
 
[Wed 05/13/2026 17:12:03.71] Starting mail dispatch 
Processed: 0
Sent: 0
Failed: 0

[Wed 05/13/2026 17:12:09.50] Finished mail dispatch 
 
[Wed 05/13/2026 17:13:03.17] Starting mail dispatch 
Processed: 0
Sent: 0
Failed: 0

[Wed 05/13/2026 17:13:08.85] Finished mail dispatch 
 
[Wed 05/13/2026 17:14:03.22] Starting mail dispatch 
Processed: 0
Sent: 0
Failed: 0

[Wed 05/13/2026 17:14:13.05] Finished mail dispatch 
 
[Wed 05/13/2026 17:15:03.80] Starting mail dispatch 
Processed: 0
Sent: 0
Failed: 0

[Wed 05/13/2026 17:15:16.45] Finished mail dispatch 
 
[Wed 05/13/2026 17:16:03.62] Starting mail dispatch 
Processed: 0
Sent: 0
Failed: 0

[Wed 05/13/2026 17:16:14.13] Finished mail dispatch 
 
[Wed 05/13/2026 17:17:03.05] Starting mail dispatch 
Processed: 0
Sent: 0
Failed: 0

[Wed 05/13/2026 17:17:08.51] Finished mail dispatch 
 
[Wed 05/13/2026 17:18:03.90] Starting mail dispatch 
Processed: 0
Sent: 0
Failed: 0

[Wed 05/13/2026 17:18:09.56] Finished mail dispatch 
 
[Wed 05/13/2026 17:19:02.68] Starting mail dispatch 
Processed: 0
Sent: 0
Failed: 0

[Wed 05/13/2026 17:19:08.22] Finished mail dispatch 
 
[Wed 05/13/2026 17:20:02.67] Starting mail dispatch 
Processed: 0
Sent: 0
Failed: 0

[Wed 05/13/2026 17:20:08.20] Finished mail dispatch 
 
[Wed 05/13/2026 17:21:03.11] Starting mail dispatch 
Processed: 0
Sent: 0
Failed: 0

[Wed 05/13/2026 17:21:08.45] Finished mail dispatch 
 
[Wed 05/13/2026 17:22:03.71] Starting mail dispatch 
Processed: 0
Sent: 0
Failed: 0

[Wed 05/13/2026 17:22:09.15] Finished mail dispatch 
 
[Wed 05/13/2026 17:23:02.85] Starting mail dispatch 
Processed: 0
Sent: 0
Failed: 0

[Wed 05/13/2026 17:23:08.35] Finished mail dispatch 
 
[Wed 05/13/2026 18:12:09.51] Starting mail dispatch 
Processed: 0
Sent: 0
Failed: 0

[Wed 05/13/2026 18:12:49.40] Finished mail dispatch 
 
[Wed 05/13/2026 18:13:06.46] Starting mail dispatch 
Processed: 0
Sent: 0
Failed: 0

[Wed 05/13/2026 18:13:12.87] Finished mail dispatch 
 
[Wed 05/13/2026 18:14:02.87] Starting mail dispatch 
Processed: 0
Sent: 0
Failed: 0

[Wed 05/13/2026 18:14:09.33] Finished mail dispatch 
 
[Wed 05/13/2026 18:15:03.32] Starting mail dispatch 
Processed: 0
Sent: 0
Failed: 0

[Wed 05/13/2026 18:15:09.46] Finished mail dispatch 
 
[Wed 05/13/2026 18:16:02.95] Starting mail dispatch 
Processed: 0
Sent: 0
Failed: 0

[Wed 05/13/2026 18:16:09.41] Finished mail dispatch 
 
[Wed 05/13/2026 18:17:02.93] Starting mail dispatch 
Processed: 0
Sent: 0
Failed: 0

[Wed 05/13/2026 18:17:08.95] Finished mail dispatch 
 
[Wed 05/13/2026 18:18:03.93] Starting mail dispatch 
Processed: 0
Sent: 0
Failed: 0

[Wed 05/13/2026 18:18:13.43] Finished mail dispatch 
 
[Wed 05/13/2026 18:19:03.00] Starting mail dispatch 
Processed: 0
Sent: 0
Failed: 0

[Wed 05/13/2026 18:19:08.91] Finished mail dispatch 
 
[Wed 05/13/2026 18:20:06.90] Starting mail dispatch 
Processed: 0
Sent: 0
Failed: 0

[Wed 05/13/2026 18:20:12.49] Finished mail dispatch 
 
[Wed 05/13/2026 18:21:02.96] Starting mail dispatch 
Processed: 0
Sent: 0
Failed: 0

[Wed 05/13/2026 18:21:09.39] Finished mail dispatch 
 
[Wed 05/13/2026 18:22:02.95] Starting mail dispatch 
Processed: 0
Sent: 0
Failed: 0

[Wed 05/13/2026 18:22:08.70] Finished mail dispatch 
 
[Wed 05/13/2026 18:23:03.01] Starting mail dispatch 
Processed: 0
Sent: 0
Failed: 0

[Wed 05/13/2026 18:23:08.89] Finished mail dispatch 
 
[Wed 05/13/2026 18:24:02.97] Starting mail dispatch 
Processed: 0
Sent: 0
Failed: 0

[Wed 05/13/2026 18:24:08.82] Finished mail dispatch 
 
[Wed 05/13/2026 18:25:02.94] Starting mail dispatch 
Processed: 0
Sent: 0
Failed: 0

[Wed 05/13/2026 18:25:08.84] Finished mail dispatch 
 
[Wed 05/13/2026 18:26:02.97] Starting mail dispatch 
Processed: 0
Sent: 0
Failed: 0

[Wed 05/13/2026 18:26:09.40] Finished mail dispatch 
 
[Wed 05/13/2026 18:27:02.98] Starting mail dispatch 
Processed: 0
Sent: 0
Failed: 0

[Wed 05/13/2026 18:27:08.70] Finished mail dispatch 
 
[Wed 05/13/2026 18:28:04.16] Starting mail dispatch 
Processed: 0
Sent: 0
Failed: 0

[Wed 05/13/2026 18:28:10.93] Finished mail dispatch 
 
[Wed 05/13/2026 18:29:03.16] Starting mail dispatch 
Processed: 0
Sent: 0
Failed: 0

[Wed 05/13/2026 18:29:09.65] Finished mail dispatch 
 
[Wed 05/13/2026 18:30:03.02] Starting mail dispatch 
Processed: 0
Sent: 0
Failed: 0

[Wed 05/13/2026 18:30:09.24] Finished mail dispatch 
 
[Wed 05/13/2026 18:31:03.45] Starting mail dispatch 
Processed: 0
Sent: 0
Failed: 0

[Wed 05/13/2026 18:31:09.61] Finished mail dispatch 
 
[Wed 05/13/2026 18:32:04.04] Starting mail dispatch 
Processed: 0
Sent: 0
Failed: 0

[Wed 05/13/2026 18:32:10.70] Finished mail dispatch 
 
[Wed 05/13/2026 18:33:03.13] Starting mail dispatch 
Processed: 0
Sent: 0
Failed: 0

[Wed 05/13/2026 18:33:09.56] Finished mail dispatch 
 
[Wed 05/13/2026 18:34:03.18] Starting mail dispatch 
Processed: 0
Sent: 0
Failed: 0

[Wed 05/13/2026 18:34:13.01] Finished mail dispatch 
 
[Wed 05/13/2026 18:35:03.42] Starting mail dispatch 
Processed: 0
Sent: 0
Failed: 0

[Wed 05/13/2026 18:35:15.53] Finished mail dispatch 
 
[Wed 05/13/2026 18:36:03.84] Starting mail dispatch 
Processed: 0
Sent: 0
Failed: 0

[Wed 05/13/2026 18:36:09.80] Finished mail dispatch 
 
[Wed 05/13/2026 18:37:03.04] Starting mail dispatch 
Processed: 0
Sent: 0
Failed: 0

[Wed 05/13/2026 18:37:08.80] Finished mail dispatch 
 
[Wed 05/13/2026 18:38:03.34] Starting mail dispatch 
Processed: 0
Sent: 0
Failed: 0

[Wed 05/13/2026 18:38:13.32] Finished mail dispatch 
 
[Wed 05/13/2026 18:39:04.59] Starting mail dispatch 
Processed: 0
Sent: 0
Failed: 0

[Wed 05/13/2026 18:39:16.28] Finished mail dispatch 
 
[Wed 05/13/2026 18:40:03.11] Starting mail dispatch 
Processed: 0
Sent: 0
Failed: 0

[Wed 05/13/2026 18:40:09.71] Finished mail dispatch 
 
[Wed 05/13/2026 18:41:04.39] Starting mail dispatch 
Processed: 0
Sent: 0
Failed: 0

[Wed 05/13/2026 18:41:13.96] Finished mail dispatch 
 
[Wed 05/13/2026 18:42:04.18] Starting mail dispatch 
Processed: 0
Sent: 0
Failed: 0

[Wed 05/13/2026 18:42:11.38] Finished mail dispatch 
 
[Wed 05/13/2026 18:43:03.16] Starting mail dispatch 
Processed: 0
Sent: 0
Failed: 0

[Wed 05/13/2026 18:43:13.15] Finished mail dispatch 
 
[Wed 05/13/2026 18:44:03.20] Starting mail dispatch 
Processed: 0
Sent: 0
Failed: 0

[Wed 05/13/2026 18:44:13.69] Finished mail dispatch 
 
[Wed 05/13/2026 18:45:03.18] Starting mail dispatch 
Processed: 0
Sent: 0
Failed: 0

[Wed 05/13/2026 18:45:09.40] Finished mail dispatch 
 
[Wed 05/13/2026 18:46:03.80] Starting mail dispatch 
Processed: 0
Sent: 0
Failed: 0

[Wed 05/13/2026 18:46:09.27] Finished mail dispatch 
 
[Wed 05/13/2026 18:47:03.15] Starting mail dispatch 
Processed: 0
Sent: 0
Failed: 0

[Wed 05/13/2026 18:47:08.69] Finished mail dispatch 
 
[Wed 05/13/2026 18:48:03.99] Starting mail dispatch 
Processed: 0
Sent: 0
Failed: 0

[Wed 05/13/2026 18:48:12.61] Finished mail dispatch 
 
[Wed 05/13/2026 18:49:03.87] Starting mail dispatch 
Processed: 0
Sent: 0
Failed: 0

[Wed 05/13/2026 18:49:14.66] Finished mail dispatch 
 
[Wed 05/13/2026 18:50:05.03] Starting mail dispatch 
Processed: 0
Sent: 0
Failed: 0

[Wed 05/13/2026 18:50:11.73] Finished mail dispatch 
 
[Wed 05/13/2026 18:51:05.58] Starting mail dispatch 
Processed: 0
Sent: 0
Failed: 0

[Wed 05/13/2026 18:51:12.36] Finished mail dispatch 
 
[Wed 05/13/2026 18:52:07.10] Starting mail dispatch 
Processed: 0
Sent: 0
Failed: 0

[Wed 05/13/2026 18:52:16.70] Finished mail dispatch 
 
[Wed 05/13/2026 18:53:03.83] Starting mail dispatch 
Processed: 0
Sent: 0
Failed: 0

[Wed 05/13/2026 18:53:10.65] Finished mail dispatch 
 
[Wed 05/13/2026 18:54:03.73] Starting mail dispatch 
Processed: 1
Sent: 1
Failed: 0

[Wed 05/13/2026 18:54:15.11] Finished mail dispatch 
 
[Wed 05/13/2026 18:55:04.77] Starting mail dispatch 
Processed: 0
Sent: 0
Failed: 0

[Wed 05/13/2026 18:55:12.67] Finished mail dispatch 
 
[Wed 05/13/2026 18:56:07.38] Starting mail dispatch 
Processed: 0
Sent: 0
Failed: 0

[Wed 05/13/2026 18:56:16.04] Finished mail dispatch 
 
[Wed 05/13/2026 18:57:03.84] Starting mail dispatch 
Processed: 0
Sent: 0
Failed: 0

[Wed 05/13/2026 18:57:10.23] Finished mail dispatch 
 
[Wed 05/13/2026 18:58:04.87] Starting mail dispatch 
Processed: 0
Sent: 0
Failed: 0

[Wed 05/13/2026 18:58:10.91] Finished mail dispatch 
 
[Wed 05/13/2026 18:59:05.60] Starting mail dispatch 
Processed: 0
Sent: 0
Failed: 0

[Wed 05/13/2026 18:59:11.73] Finished mail dispatch 
 
[Wed 05/13/2026 19:00:06.73] Starting mail dispatch 
Processed: 0
Sent: 0
Failed: 0

[Wed 05/13/2026 19:00:13.55] Finished mail dispatch 
 
[Wed 05/13/2026 19:01:11.35] Starting mail dispatch 
Processed: 0
Sent: 0
Failed: 0

[Wed 05/13/2026 19:01:18.78] Finished mail dispatch 
 
[Wed 05/13/2026 19:02:03.85] Starting mail dispatch 
Processed: 0
Sent: 0
Failed: 0

[Wed 05/13/2026 19:02:12.97] Finished mail dispatch 
 
[Wed 05/13/2026 19:03:06.91] Starting mail dispatch 
Processed: 0
Sent: 0
Failed: 0

[Wed 05/13/2026 19:03:16.66] Finished mail dispatch 
 
[Wed 05/13/2026 19:04:05.51] Starting mail dispatch 
Processed: 0
Sent: 0
Failed: 0

[Wed 05/13/2026 19:04:13.27] Finished mail dispatch 
 
[Wed 05/13/2026 19:05:05.58] Starting mail dispatch 
Processed: 0
Sent: 0
Failed: 0

[Wed 05/13/2026 19:05:14.07] Finished mail dispatch 
 
[Wed 05/13/2026 19:06:05.22] Starting mail dispatch 
Processed: 0
Sent: 0
Failed: 0

[Wed 05/13/2026 19:06:12.81] Finished mail dispatch 
 
[Wed 05/13/2026 19:07:03.94] Starting mail dispatch 
Processed: 0
Sent: 0
Failed: 0

[Wed 05/13/2026 19:07:11.77] Finished mail dispatch 
 
[Wed 05/13/2026 19:08:05.61] Starting mail dispatch 
Processed: 0
Sent: 0
Failed: 0

[Wed 05/13/2026 19:08:11.88] Finished mail dispatch 
 
[Wed 05/13/2026 19:09:04.98] Starting mail dispatch 
Processed: 0
Sent: 0
Failed: 0

[Wed 05/13/2026 19:09:12.46] Finished mail dispatch 
 
[Wed 05/13/2026 19:10:05.61] Starting mail dispatch 
Processed: 0
Sent: 0
Failed: 0

[Wed 05/13/2026 19:10:12.82] Finished mail dispatch 
 
[Wed 05/13/2026 19:11:07.04] Starting mail dispatch 
Processed: 0
Sent: 0
Failed: 0

[Wed 05/13/2026 19:11:16.08] Finished mail dispatch 
 
[Wed 05/13/2026 19:12:06.30] Starting mail dispatch 
Processed: 0
Sent: 0
Failed: 0

[Wed 05/13/2026 19:12:54.92] Finished mail dispatch 
 
[Wed 05/13/2026 19:13:05.75] Starting mail dispatch 
Processed: 0
Sent: 0
Failed: 0

[Wed 05/13/2026 19:13:13.06] Finished mail dispatch 
 
[Wed 05/13/2026 19:14:05.65] Starting mail dispatch 
Processed: 0
Sent: 0
Failed: 0

[Wed 05/13/2026 19:14:11.75] Finished mail dispatch 
 
[Wed 05/13/2026 19:15:06.38] Starting mail dispatch 
Processed: 0
Sent: 0
Failed: 0

[Wed 05/13/2026 19:15:12.43] Finished mail dispatch 
 
[Wed 05/13/2026 20:05:23.16] Starting mail dispatch 
Processed: 0
Sent: 0
Failed: 0

[Wed 05/13/2026 20:05:35.29] Finished mail dispatch 
 
[Wed 05/13/2026 20:06:06.78] Starting mail dispatch 
Processed: 0
Sent: 0
Failed: 0

[Wed 05/13/2026 20:06:13.85] Finished mail dispatch 
 
[Wed 05/13/2026 20:07:06.28] Starting mail dispatch 
Processed: 0
Sent: 0
Failed: 0

[Wed 05/13/2026 20:07:13.27] Finished mail dispatch 
 
[Wed 05/13/2026 20:09:11.80] Starting mail dispatch 
Unable to connect to the remote server
[Wed 05/13/2026 20:09:36.17] Finished mail dispatch 
 
[Wed 05/13/2026 20:10:01.99] Starting mail dispatch 
Unable to connect to the remote server
[Wed 05/13/2026 20:10:07.97] Finished mail dispatch 
 
[Wed 05/13/2026 20:11:01.98] Starting mail dispatch 
Unable to connect to the remote server
[Wed 05/13/2026 20:11:06.78] Finished mail dispatch 
 
[Wed 05/13/2026 20:12:06.10] Starting mail dispatch 
Unable to connect to the remote server
[Wed 05/13/2026 20:12:10.83] Finished mail dispatch 
 
[Wed 05/13/2026 20:13:04.85] Starting mail dispatch 
Unable to connect to the remote server
[Wed 05/13/2026 20:13:22.08] Finished mail dispatch 
 
[Wed 05/13/2026 20:14:03.81] Starting mail dispatch 
Processed: 0
Sent: 0
Failed: 0

[Wed 05/13/2026 20:14:14.74] Finished mail dispatch 
 
[Wed 05/13/2026 20:15:03.89] Starting mail dispatch 
Processed: 0
Sent: 0
Failed: 0

[Wed 05/13/2026 20:15:09.64] Finished mail dispatch 
 
[Wed 05/13/2026 20:16:04.12] Starting mail dispatch 
Processed: 0
Sent: 0
Failed: 0

[Wed 05/13/2026 20:16:29.70] Finished mail dispatch 
 
[Wed 05/13/2026 20:17:04.25] Starting mail dispatch 
Processed: 0
Sent: 0
Failed: 0

[Wed 05/13/2026 20:17:12.27] Finished mail dispatch 
 
[Wed 05/13/2026 20:18:03.23] Starting mail dispatch 
Processed: 0
Sent: 0
Failed: 0

[Wed 05/13/2026 20:18:09.89] Finished mail dispatch 
 
[Wed 05/13/2026 20:19:03.69] Starting mail dispatch 
Processed: 0
Sent: 0
Failed: 0

[Wed 05/13/2026 20:19:10.77] Finished mail dispatch 
 
[Wed 05/13/2026 20:20:03.33] Starting mail dispatch 
Processed: 0
Sent: 0
Failed: 0

[Wed 05/13/2026 20:20:11.48] Finished mail dispatch 
 
[Wed 05/13/2026 20:21:04.29] Starting mail dispatch 
Processed: 0
Sent: 0
Failed: 0

[Wed 05/13/2026 20:21:10.20] Finished mail dispatch 
 
[Wed 05/13/2026 20:22:03.32] Starting mail dispatch 
Processed: 0
Sent: 0
Failed: 0

[Wed 05/13/2026 20:22:11.52] Finished mail dispatch 
 
[Wed 05/13/2026 20:23:03.24] Starting mail dispatch 
Processed: 0
Sent: 0
Failed: 0

[Wed 05/13/2026 20:23:08.57] Finished mail dispatch 
 
[Wed 05/13/2026 20:24:03.28] Starting mail dispatch 
Processed: 0
Sent: 0
Failed: 0

[Wed 05/13/2026 20:24:09.28] Finished mail dispatch 
 
[Wed 05/13/2026 20:25:03.33] Starting mail dispatch 
Processed: 0
Sent: 0
Failed: 0

[Wed 05/13/2026 20:25:09.34] Finished mail dispatch 
 
[Wed 05/13/2026 20:26:04.90] Starting mail dispatch 
Processed: 0
Sent: 0
Failed: 0

[Wed 05/13/2026 20:26:23.29] Finished mail dispatch 
 
[Wed 05/13/2026 20:27:04.25] Starting mail dispatch 
Processed: 0
Sent: 0
Failed: 0

[Wed 05/13/2026 20:27:15.96] Finished mail dispatch 
 
[Wed 05/13/2026 20:28:10.17] Starting mail dispatch 
Processed: 0
Sent: 0
Failed: 0

[Wed 05/13/2026 20:28:39.04] Finished mail dispatch 
 
[Wed 05/13/2026 20:29:12.62] Starting mail dispatch 
Processed: 0
Sent: 0
Failed: 0

[Wed 05/13/2026 20:29:30.51] Finished mail dispatch 
 
[Wed 05/13/2026 20:30:04.50] Starting mail dispatch 
Processed: 0
Sent: 0
Failed: 0

[Wed 05/13/2026 20:30:24.94] Finished mail dispatch 
 
[Wed 05/13/2026 20:31:11.42] Starting mail dispatch 
Processed: 0
Sent: 0
Failed: 0

[Wed 05/13/2026 20:31:21.68] Finished mail dispatch 
 
[Wed 05/13/2026 20:32:04.60] Starting mail dispatch 
Processed: 0
Sent: 0
Failed: 0

[Wed 05/13/2026 20:32:12.21] Finished mail dispatch 
 
[Wed 05/13/2026 20:33:04.23] Starting mail dispatch 
Processed: 0
Sent: 0
Failed: 0

[Wed 05/13/2026 20:33:15.61] Finished mail dispatch 
 
[Wed 05/13/2026 20:34:04.57] Starting mail dispatch 
Processed: 0
Sent: 0
Failed: 0

[Wed 05/13/2026 20:34:11.49] Finished mail dispatch 
 
[Wed 05/13/2026 20:35:05.05] Starting mail dispatch 
Processed: 0
Sent: 0
Failed: 0

[Wed 05/13/2026 20:35:18.07] Finished mail dispatch 
 
[Wed 05/13/2026 20:36:06.43] Starting mail dispatch 
Processed: 0
Sent: 0
Failed: 0

[Wed 05/13/2026 20:36:12.66] Finished mail dispatch 
 
[Wed 05/13/2026 20:37:03.55] Starting mail dispatch 
Processed: 0
Sent: 0
Failed: 0

[Wed 05/13/2026 20:37:10.66] Finished mail dispatch 
 
[Wed 05/13/2026 20:38:03.81] Starting mail dispatch 
Processed: 0
Sent: 0
Failed: 0

[Wed 05/13/2026 20:38:13.82] Finished mail dispatch 
 
[Wed 05/13/2026 20:39:06.85] Starting mail dispatch 
Processed: 0
Sent: 0
Failed: 0

[Wed 05/13/2026 20:39:16.85] Finished mail dispatch 
 
[Wed 05/13/2026 20:40:04.31] Starting mail dispatch 
Processed: 0
Sent: 0
Failed: 0

[Wed 05/13/2026 20:40:11.94] Finished mail dispatch 
 
[Wed 05/13/2026 20:41:03.41] Starting mail dispatch 
Processed: 0
Sent: 0
Failed: 0

[Wed 05/13/2026 20:41:09.65] Finished mail dispatch 
 
[Wed 05/13/2026 20:42:05.29] Starting mail dispatch 
Processed: 0
Sent: 0
Failed: 0

[Wed 05/13/2026 20:42:11.93] Finished mail dispatch 
 
[Wed 05/13/2026 20:43:04.49] Starting mail dispatch 
Processed: 0
Sent: 0
Failed: 0

[Wed 05/13/2026 20:43:11.05] Finished mail dispatch 
 
[Wed 05/13/2026 20:44:04.58] Starting mail dispatch 
Processed: 0
Sent: 0
Failed: 0

[Wed 05/13/2026 20:44:14.69] Finished mail dispatch 
 
[Wed 05/13/2026 20:45:04.26] Starting mail dispatch 
Processed: 0
Sent: 0
Failed: 0

[Wed 05/13/2026 20:45:10.14] Finished mail dispatch 
 
[Wed 05/13/2026 20:46:04.83] Starting mail dispatch 
Processed: 0
Sent: 0
Failed: 0

[Wed 05/13/2026 20:46:11.15] Finished mail dispatch 
 
[Wed 05/13/2026 20:47:03.43] Starting mail dispatch 
Processed: 0
Sent: 0
Failed: 0

[Wed 05/13/2026 20:47:08.78] Finished mail dispatch 
 
[Wed 05/13/2026 20:48:03.59] Starting mail dispatch 
Processed: 0
Sent: 0
Failed: 0

[Wed 05/13/2026 20:48:09.23] Finished mail dispatch 
 
[Wed 05/13/2026 20:49:04.77] Starting mail dispatch 
Processed: 0
Sent: 0
Failed: 0

[Wed 05/13/2026 20:49:10.20] Finished mail dispatch 
 
[Wed 05/13/2026 20:50:02.50] Starting mail dispatch 
Processed: 0
Sent: 0
Failed: 0

[Wed 05/13/2026 20:50:07.80] Finished mail dispatch 
 
[Wed 05/13/2026 20:51:02.52] Starting mail dispatch 
Processed: 0
Sent: 0
Failed: 0

[Wed 05/13/2026 20:51:08.20] Finished mail dispatch 
 
[Wed 05/13/2026 20:52:03.81] Starting mail dispatch 
Processed: 0
Sent: 0
Failed: 0

[Wed 05/13/2026 20:52:15.06] Finished mail dispatch 
 
[Wed 05/13/2026 20:53:03.63] Starting mail dispatch 
Processed: 0
Sent: 0
Failed: 0

[Wed 05/13/2026 20:53:09.17] Finished mail dispatch 
 
[Wed 05/13/2026 20:54:07.34] Starting mail dispatch 
Processed: 0
Sent: 0
Failed: 0

[Wed 05/13/2026 20:54:13.70] Finished mail dispatch 
 
[Wed 05/13/2026 20:55:02.90] Starting mail dispatch 
Processed: 0
Sent: 0
Failed: 0

[Wed 05/13/2026 20:55:08.65] Finished mail dispatch 
 
[Wed 05/13/2026 20:56:02.58] Starting mail dispatch 
Processed: 0
Sent: 0
Failed: 0

[Wed 05/13/2026 20:56:08.53] Finished mail dispatch 
 
[Wed 05/13/2026 20:57:03.91] Starting mail dispatch 
Processed: 0
Sent: 0
Failed: 0

[Wed 05/13/2026 20:57:10.40] Finished mail dispatch 
 
[Wed 05/13/2026 20:58:02.65] Starting mail dispatch 
Processed: 0
Sent: 0
Failed: 0

[Wed 05/13/2026 20:58:08.22] Finished mail dispatch 
 
[Wed 05/13/2026 20:59:03.36] Starting mail dispatch 
Processed: 0
Sent: 0
Failed: 0

[Wed 05/13/2026 20:59:09.18] Finished mail dispatch 
 
[Wed 05/13/2026 21:00:03.35] Starting mail dispatch 
Processed: 0
Sent: 0
Failed: 0

[Wed 05/13/2026 21:00:09.12] Finished mail dispatch 
 
[Wed 05/13/2026 21:01:02.60] Starting mail dispatch 
Processed: 0
Sent: 0
Failed: 0

[Wed 05/13/2026 21:01:08.28] Finished mail dispatch 
 
[Wed 05/13/2026 21:02:02.63] Starting mail dispatch 
Processed: 0
Sent: 0
Failed: 0

[Wed 05/13/2026 21:02:08.68] Finished mail dispatch 
 
[Wed 05/13/2026 21:03:05.71] Starting mail dispatch 
Processed: 0
Sent: 0
Failed: 0

[Wed 05/13/2026 21:03:12.51] Finished mail dispatch 
 
[Wed 05/13/2026 21:04:04.25] Starting mail dispatch 
Processed: 0
Sent: 0
Failed: 0

[Wed 05/13/2026 21:04:11.85] Finished mail dispatch 
 
[Wed 05/13/2026 21:05:05.98] Starting mail dispatch 
Processed: 0
Sent: 0
Failed: 0

[Wed 05/13/2026 21:05:17.12] Finished mail dispatch 
 
[Wed 05/13/2026 21:06:03.95] Starting mail dispatch 
Processed: 0
Sent: 0
Failed: 0

[Wed 05/13/2026 21:06:18.90] Finished mail dispatch 
 
[Wed 05/13/2026 21:07:03.19] Starting mail dispatch 
Processed: 0
Sent: 0
Failed: 0

[Wed 05/13/2026 21:07:12.57] Finished mail dispatch 
 
[Wed 05/13/2026 21:08:03.85] Starting mail dispatch 
Processed: 0
Sent: 0
Failed: 0

[Wed 05/13/2026 21:08:12.73] Finished mail dispatch 
 
[Wed 05/13/2026 21:09:03.17] Starting mail dispatch 
Processed: 0
Sent: 0
Failed: 0

[Wed 05/13/2026 21:09:10.67] Finished mail dispatch 
 
[Wed 05/13/2026 21:10:04.19] Starting mail dispatch 
Processed: 0
Sent: 0
Failed: 0

[Wed 05/13/2026 21:10:11.01] Finished mail dispatch 
 
[Wed 05/13/2026 21:11:03.36] Starting mail dispatch 
Processed: 0
Sent: 0
Failed: 0

[Wed 05/13/2026 21:11:09.08] Finished mail dispatch 
 
[Wed 05/13/2026 21:12:03.02] Starting mail dispatch 
Processed: 0
Sent: 0
Failed: 0

[Wed 05/13/2026 21:12:08.94] Finished mail dispatch 
 
[Wed 05/13/2026 21:13:03.06] Starting mail dispatch 
Processed: 0
Sent: 0
Failed: 0

[Wed 05/13/2026 21:13:08.89] Finished mail dispatch 
 
[Wed 05/13/2026 21:14:03.51] Starting mail dispatch 
Processed: 0
Sent: 0
Failed: 0

[Wed 05/13/2026 21:14:09.26] Finished mail dispatch 
 
[Wed 05/13/2026 21:15:03.08] Starting mail dispatch 
Processed: 0
Sent: 0
Failed: 0

[Wed 05/13/2026 21:15:10.51] Finished mail dispatch 
 
[Wed 05/13/2026 21:16:03.13] Starting mail dispatch 
Processed: 0
Sent: 0
Failed: 0

[Wed 05/13/2026 21:16:08.95] Finished mail dispatch 
 
[Wed 05/13/2026 21:17:03.13] Starting mail dispatch 
Processed: 0
Sent: 0
Failed: 0

[Wed 05/13/2026 21:17:08.72] Finished mail dispatch 
 
[Wed 05/13/2026 21:18:03.01] Starting mail dispatch 
Processed: 0
Sent: 0
Failed: 0

[Wed 05/13/2026 21:18:08.71] Finished mail dispatch 
 
[Wed 05/13/2026 21:19:03.05] Starting mail dispatch 
Processed: 0
Sent: 0
Failed: 0

[Wed 05/13/2026 21:19:08.86] Finished mail dispatch 
 
[Wed 05/13/2026 21:20:03.13] Starting mail dispatch 
Processed: 0
Sent: 0
Failed: 0

[Wed 05/13/2026 21:20:09.11] Finished mail dispatch 
 
[Wed 05/13/2026 22:05:33.32] Starting mail dispatch 
Processed: 0
Sent: 0
Failed: 0

[Wed 05/13/2026 22:05:45.52] Finished mail dispatch 
 
[Wed 05/13/2026 22:06:03.35] Starting mail dispatch 
Processed: 0
Sent: 0
Failed: 0

[Wed 05/13/2026 22:06:11.95] Finished mail dispatch 
 
[Wed 05/13/2026 22:07:03.01] Starting mail dispatch 
Processed: 0
Sent: 0
Failed: 0

[Wed 05/13/2026 22:07:08.67] Finished mail dispatch 
 
[Wed 05/13/2026 22:08:04.19] Starting mail dispatch 
Processed: 0
Sent: 0
Failed: 0

[Wed 05/13/2026 22:08:10.16] Finished mail dispatch 
 
[Wed 05/13/2026 22:09:03.30] Starting mail dispatch 
Processed: 0
Sent: 0
Failed: 0

[Wed 05/13/2026 22:09:09.40] Finished mail dispatch 
 
[Wed 05/13/2026 22:10:02.69] Starting mail dispatch 
Processed: 0
Sent: 0
Failed: 0

[Wed 05/13/2026 22:10:08.14] Finished mail dispatch 
 
[Wed 05/13/2026 22:11:03.94] Starting mail dispatch 
Processed: 0
Sent: 0
Failed: 0

[Wed 05/13/2026 22:11:09.16] Finished mail dispatch 
 
[Wed 05/13/2026 22:12:03.10] Starting mail dispatch 
Processed: 0
Sent: 0
Failed: 0

[Wed 05/13/2026 22:12:08.52] Finished mail dispatch 
 
[Wed 05/13/2026 22:13:02.82] Starting mail dispatch 
Processed: 0
Sent: 0
Failed: 0

[Wed 05/13/2026 22:13:08.33] Finished mail dispatch 
 
[Wed 05/13/2026 22:14:04.27] Starting mail dispatch 
Processed: 0
Sent: 0
Failed: 0

[Wed 05/13/2026 22:14:09.78] Finished mail dispatch 
 
[Wed 05/13/2026 22:15:03.78] Starting mail dispatch 
Processed: 0
Sent: 0
Failed: 0

[Wed 05/13/2026 22:15:09.22] Finished mail dispatch 
 
[Wed 05/13/2026 22:16:05.93] Starting mail dispatch 
Processed: 0
Sent: 0
Failed: 0

[Wed 05/13/2026 22:16:11.43] Finished mail dispatch 
 
[Wed 05/13/2026 22:17:02.86] Starting mail dispatch 
Processed: 0
Sent: 0
Failed: 0

[Wed 05/13/2026 22:17:08.34] Finished mail dispatch 
 
[Wed 05/13/2026 22:18:02.76] Starting mail dispatch 
Processed: 0
Sent: 0
Failed: 0

[Wed 05/13/2026 22:18:08.16] Finished mail dispatch 
 
[Wed 05/13/2026 22:19:05.87] Starting mail dispatch 
Processed: 0
Sent: 0
Failed: 0

[Wed 05/13/2026 22:19:12.29] Finished mail dispatch 
 
[Wed 05/13/2026 22:20:02.97] Starting mail dispatch 
Processed: 0
Sent: 0
Failed: 0

[Wed 05/13/2026 22:20:09.30] Finished mail dispatch 
 
[Wed 05/13/2026 22:21:04.03] Starting mail dispatch 
Processed: 0
Sent: 0
Failed: 0

[Wed 05/13/2026 22:21:11.98] Finished mail dispatch 
 
[Wed 05/13/2026 22:22:04.62] Starting mail dispatch 
Processed: 0
Sent: 0
Failed: 0

[Wed 05/13/2026 22:22:12.40] Finished mail dispatch 
 
[Wed 05/13/2026 22:23:03.32] Starting mail dispatch 
Processed: 0
Sent: 0
Failed: 0

[Wed 05/13/2026 22:23:12.60] Finished mail dispatch 
 
[Wed 05/13/2026 22:24:02.95] Starting mail dispatch 
Processed: 0
Sent: 0
Failed: 0

[Wed 05/13/2026 22:24:08.94] Finished mail dispatch 
 
[Wed 05/13/2026 22:25:03.07] Starting mail dispatch 
Processed: 0
Sent: 0
Failed: 0

[Wed 05/13/2026 22:25:10.19] Finished mail dispatch 
 
[Wed 05/13/2026 22:26:03.88] Starting mail dispatch 
Processed: 0
Sent: 0
Failed: 0

[Wed 05/13/2026 22:26:09.61] Finished mail dispatch 
 
[Wed 05/13/2026 22:27:02.82] Starting mail dispatch 
Processed: 0
Sent: 0
Failed: 0

[Wed 05/13/2026 22:27:08.48] Finished mail dispatch 
 
[Wed 05/13/2026 22:28:02.81] Starting mail dispatch 
Processed: 0
Sent: 0
Failed: 0

[Wed 05/13/2026 22:28:07.98] Finished mail dispatch 
 
[Wed 05/13/2026 22:29:05.97] Starting mail dispatch 
Processed: 0
Sent: 0
Failed: 0

[Wed 05/13/2026 22:29:11.56] Finished mail dispatch 
 
[Wed 05/13/2026 22:30:03.54] Starting mail dispatch 
Processed: 0
Sent: 0
Failed: 0

[Wed 05/13/2026 22:30:09.48] Finished mail dispatch 
 
[Wed 05/13/2026 22:31:02.91] Starting mail dispatch 
Processed: 0
Sent: 0
Failed: 0

[Wed 05/13/2026 22:31:08.77] Finished mail dispatch 
 
[Wed 05/13/2026 22:32:02.96] Starting mail dispatch 
Processed: 0
Sent: 0
Failed: 0

[Wed 05/13/2026 22:32:08.82] Finished mail dispatch 
 
[Wed 05/13/2026 22:33:03.33] Starting mail dispatch 
Processed: 0
Sent: 0
Failed: 0

[Wed 05/13/2026 22:33:08.99] Finished mail dispatch 
 
[Wed 05/13/2026 22:34:02.96] Starting mail dispatch 
Processed: 0
Sent: 0
Failed: 0

[Wed 05/13/2026 22:34:09.10] Finished mail dispatch 
 
[Wed 05/13/2026 22:35:02.86] Starting mail dispatch 
Processed: 0
Sent: 0
Failed: 0

[Wed 05/13/2026 22:35:08.10] Finished mail dispatch 
 
[Wed 05/13/2026 22:36:03.17] Starting mail dispatch 
Processed: 0
Sent: 0
Failed: 0

[Wed 05/13/2026 22:36:08.45] Finished mail dispatch 
 
[Wed 05/13/2026 22:37:02.88] Starting mail dispatch 
Processed: 0
Sent: 0
Failed: 0

[Wed 05/13/2026 22:37:08.20] Finished mail dispatch 
 
[Wed 05/13/2026 22:38:02.97] Starting mail dispatch 
Processed: 0
Sent: 0
Failed: 0

[Wed 05/13/2026 22:38:08.36] Finished mail dispatch 
 
[Wed 05/13/2026 22:39:02.98] Starting mail dispatch 
Processed: 0
Sent: 0
Failed: 0

[Wed 05/13/2026 22:39:08.61] Finished mail dispatch 
 
[Wed 05/13/2026 22:40:02.98] Starting mail dispatch 
Processed: 0
Sent: 0
Failed: 0

[Wed 05/13/2026 22:40:08.30] Finished mail dispatch 
 
[Wed 05/13/2026 22:41:03.02] Starting mail dispatch 
Processed: 0
Sent: 0
Failed: 0

[Wed 05/13/2026 22:41:08.31] Finished mail dispatch 
 
[Wed 05/13/2026 22:42:04.02] Starting mail dispatch 
Processed: 0
Sent: 0
Failed: 0

[Wed 05/13/2026 22:42:09.42] Finished mail dispatch 
 
[Wed 05/13/2026 22:43:02.95] Starting mail dispatch 
Processed: 0
Sent: 0
Failed: 0

[Wed 05/13/2026 22:43:08.26] Finished mail dispatch 
 
[Wed 05/13/2026 22:44:04.02] Starting mail dispatch 
Processed: 0
Sent: 0
Failed: 0

[Wed 05/13/2026 22:44:09.61] Finished mail dispatch 
 
[Wed 05/13/2026 22:45:03.81] Starting mail dispatch 
Processed: 0
Sent: 0
Failed: 0

[Wed 05/13/2026 22:45:09.79] Finished mail dispatch 
 
[Wed 05/13/2026 22:46:03.06] Starting mail dispatch 
Processed: 0
Sent: 0
Failed: 0

[Wed 05/13/2026 22:46:08.42] Finished mail dispatch 
 
[Wed 05/13/2026 22:47:03.04] Starting mail dispatch 
Processed: 0
Sent: 0
Failed: 0

[Wed 05/13/2026 22:47:08.47] Finished mail dispatch 
 
[Wed 05/13/2026 22:48:03.00] Starting mail dispatch 
Processed: 0
Sent: 0
Failed: 0

[Wed 05/13/2026 22:48:08.33] Finished mail dispatch 
 
[Wed 05/13/2026 22:49:04.05] Starting mail dispatch 
Processed: 0
Sent: 0
Failed: 0

[Wed 05/13/2026 22:49:10.59] Finished mail dispatch 
 
[Wed 05/13/2026 22:50:03.16] Starting mail dispatch 
Processed: 0
Sent: 0
Failed: 0

[Wed 05/13/2026 22:50:09.08] Finished mail dispatch 
 
[Wed 05/13/2026 22:51:04.10] Starting mail dispatch 
Processed: 0
Sent: 0
Failed: 0

[Wed 05/13/2026 22:51:10.30] Finished mail dispatch 
 
[Wed 05/13/2026 22:52:03.34] Starting mail dispatch 
Processed: 0
Sent: 0
Failed: 0

[Wed 05/13/2026 22:52:14.34] Finished mail dispatch 
 
[Wed 05/13/2026 22:53:03.08] Starting mail dispatch 
Processed: 0
Sent: 0
Failed: 0

[Wed 05/13/2026 22:53:08.74] Finished mail dispatch 
 
[Wed 05/13/2026 22:54:03.14] Starting mail dispatch 
Processed: 0
Sent: 0
Failed: 0

[Wed 05/13/2026 22:54:08.50] Finished mail dispatch 
 
[Wed 05/13/2026 22:55:03.03] Starting mail dispatch 
Processed: 0
Sent: 0
Failed: 0

[Wed 05/13/2026 22:55:08.39] Finished mail dispatch 
 
[Wed 05/13/2026 22:56:03.15] Starting mail dispatch 
Processed: 0
Sent: 0
Failed: 0

[Wed 05/13/2026 22:56:09.01] Finished mail dispatch 
 
[Wed 05/13/2026 22:57:03.23] Starting mail dispatch 
Processed: 0
Sent: 0
Failed: 0

[Wed 05/13/2026 22:57:09.47] Finished mail dispatch 
 
[Wed 05/13/2026 22:58:03.08] Starting mail dispatch 
Processed: 0
Sent: 0
Failed: 0

[Wed 05/13/2026 22:58:08.54] Finished mail dispatch 
 
[Wed 05/13/2026 22:59:03.12] Starting mail dispatch 
Processed: 0
Sent: 0
Failed: 0

[Wed 05/13/2026 22:59:08.76] Finished mail dispatch 
 
[Wed 05/13/2026 23:00:03.23] Starting mail dispatch 
Processed: 0
Sent: 0
Failed: 0

[Wed 05/13/2026 23:00:09.30] Finished mail dispatch 
 
[Wed 05/13/2026 23:01:03.54] Starting mail dispatch 
Processed: 0
Sent: 0
Failed: 0

[Wed 05/13/2026 23:01:09.86] Finished mail dispatch 
 
[Wed 05/13/2026 23:02:03.29] Starting mail dispatch 
Processed: 0
Sent: 0
Failed: 0

[Wed 05/13/2026 23:02:09.35] Finished mail dispatch 
 
[Wed 05/13/2026 23:03:03.18] Starting mail dispatch 
Processed: 0
Sent: 0
Failed: 0

[Wed 05/13/2026 23:03:09.41] Finished mail dispatch 
 
[Wed 05/13/2026 23:04:04.72] Starting mail dispatch 
Processed: 0
Sent: 0
Failed: 0

[Wed 05/13/2026 23:04:10.38] Finished mail dispatch 
 
[Wed 05/13/2026 23:05:03.23] Starting mail dispatch 
Processed: 0
Sent: 0
Failed: 0

[Wed 05/13/2026 23:05:09.98] Finished mail dispatch 
 
[Wed 05/13/2026 23:06:03.31] Starting mail dispatch 
Processed: 0
Sent: 0
Failed: 0

[Wed 05/13/2026 23:06:09.17] Finished mail dispatch 
 
[Wed 05/13/2026 23:07:04.15] Starting mail dispatch 
Processed: 0
Sent: 0
Failed: 0

[Wed 05/13/2026 23:07:14.06] Finished mail dispatch 
 
[Wed 05/13/2026 23:08:03.29] Starting mail dispatch 
Processed: 0
Sent: 0
Failed: 0

[Wed 05/13/2026 23:08:09.59] Finished mail dispatch 
 
[Wed 05/13/2026 23:09:03.75] Starting mail dispatch 
Processed: 0
Sent: 0
Failed: 0

[Wed 05/13/2026 23:09:09.62] Finished mail dispatch 
 
[Wed 05/13/2026 23:10:03.21] Starting mail dispatch 
Processed: 0
Sent: 0
Failed: 0

[Wed 05/13/2026 23:10:09.36] Finished mail dispatch 
 
[Wed 05/13/2026 23:11:03.28] Starting mail dispatch 
Processed: 0
Sent: 0
Failed: 0

[Wed 05/13/2026 23:11:08.89] Finished mail dispatch 
 
[Wed 05/13/2026 23:12:03.27] Starting mail dispatch 
Processed: 0
Sent: 0
Failed: 0

[Wed 05/13/2026 23:12:08.86] Finished mail dispatch 
 
[Wed 05/13/2026 23:13:03.33] Starting mail dispatch 
Processed: 0
Sent: 0
Failed: 0

[Wed 05/13/2026 23:13:09.15] Finished mail dispatch 
 
[Wed 05/13/2026 23:14:03.33] Starting mail dispatch 
Processed: 0
Sent: 0
Failed: 0

[Wed 05/13/2026 23:14:08.90] Finished mail dispatch 
 
[Wed 05/13/2026 23:15:03.72] Starting mail dispatch 
Processed: 0
Sent: 0
Failed: 0

[Wed 05/13/2026 23:15:10.03] Finished mail dispatch 
 
[Wed 05/13/2026 23:16:06.30] Starting mail dispatch 
Processed: 0
Sent: 0
Failed: 0

[Wed 05/13/2026 23:16:12.50] Finished mail dispatch 
 
[Wed 05/13/2026 23:17:03.32] Starting mail dispatch 
Processed: 0
Sent: 0
Failed: 0

[Wed 05/13/2026 23:17:09.39] Finished mail dispatch 
 
[Wed 05/13/2026 23:18:03.33] Starting mail dispatch 
Processed: 0
Sent: 0
Failed: 0

[Wed 05/13/2026 23:18:09.18] Finished mail dispatch 
 
[Wed 05/13/2026 23:19:03.30] Starting mail dispatch 
Processed: 0
Sent: 0
Failed: 0

[Wed 05/13/2026 23:19:09.15] Finished mail dispatch 
 
[Wed 05/13/2026 23:20:03.32] Starting mail dispatch 
Processed: 0
Sent: 0
Failed: 0

[Wed 05/13/2026 23:20:09.20] Finished mail dispatch 
 
